
/home/runner/work/exp-formwork-beam-and-slab-using-hd-towers-iitd/exp-formwork-beam-and-slab-using-hd-towers-iitd/experiment/simulation/final_styling/fix_styling.js
  17:5  warning  '$' is not defined  no-undef
  81:7  warning  '$' is not defined  no-undef
  85:7  warning  '$' is not defined  no-undef
  86:7  warning  '$' is not defined  no-undef
  93:1  warning  '$' is not defined  no-undef

/home/runner/work/exp-formwork-beam-and-slab-using-hd-towers-iitd/exp-formwork-beam-and-slab-using-hd-towers-iitd/experiment/simulation/js/anime.min.js
  8:69    warning  'module' is not defined                                                    no-undef
  8:115   warning  'define' is not defined                                                    no-undef
  8:126   warning  'define' is not defined                                                    no-undef
  8:913   warning  Do not access Object.prototype method 'hasOwnProperty' from target object  no-prototype-builtins
  8:1477  warning  Do not access Object.prototype method 'hasOwnProperty' from target object  no-prototype-builtins
  8:1499  warning  Do not access Object.prototype method 'hasOwnProperty' from target object  no-prototype-builtins
  8:4944  warning  Do not access Object.prototype method 'hasOwnProperty' from target object  no-prototype-builtins
  8:5090  warning  Expected a conditional expression and instead saw an assignment            no-cond-assign
  8:6945  warning  Expected a conditional expression and instead saw an assignment            no-cond-assign

/home/runner/work/exp-formwork-beam-and-slab-using-hd-towers-iitd/exp-formwork-beam-and-slab-using-hd-towers-iitd/experiment/simulation/js/jquery.min.js
  2:71     warning  'module' is not defined                                                    no-undef
  2:86     warning  'module' is not defined                                                    no-undef
  2:3270   warning  Expected a conditional expression and instead saw an assignment            no-cond-assign
  2:4597   warning  Unexpected control character(s) in regular expression: \x1f                no-control-regex
  2:6820   warning  Expected a conditional expression and instead saw an assignment            no-cond-assign
  2:7258   warning  Expected a conditional expression and instead saw an assignment            no-cond-assign
  2:9646   warning  Expected a conditional expression and instead saw an assignment            no-cond-assign
  2:11943  warning  Expected a conditional expression and instead saw an assignment            no-cond-assign
  2:13856  warning  Expected a conditional expression and instead saw an assignment            no-cond-assign
  2:14066  warning  Expected a conditional expression and instead saw an assignment            no-cond-assign
  2:14224  warning  Expected a conditional expression and instead saw an assignment            no-cond-assign
  2:14540  warning  Do not access Object.prototype method 'hasOwnProperty' from target object  no-prototype-builtins
  2:15232  warning  Expected a conditional expression and instead saw an assignment            no-cond-assign
  2:15588  warning  Empty block statement                                                      no-empty
  2:17443  warning  Expected a conditional expression and instead saw an assignment            no-cond-assign
  2:17541  warning  Expected a conditional expression and instead saw an assignment            no-cond-assign
  2:17601  warning  Expected a conditional expression and instead saw an assignment            no-cond-assign
  2:17728  warning  Expected a conditional expression and instead saw an assignment            no-cond-assign
  2:18898  warning  Expected a conditional expression and instead saw an assignment            no-cond-assign
  2:19630  warning  Expected a conditional expression and instead saw an assignment            no-cond-assign
  2:19743  warning  Expected a conditional expression and instead saw an assignment            no-cond-assign
  2:21298  warning  Unnecessary escape character: \/                                           no-useless-escape
  2:31055  warning  Empty block statement                                                      no-empty
  2:34816  warning  Unnecessary escape character: \/                                           no-useless-escape
  2:36474  warning  Expected a conditional expression and instead saw an assignment            no-cond-assign
  2:36590  warning  Expected a conditional expression and instead saw an assignment            no-cond-assign
  2:43519  warning  Expected a conditional expression and instead saw an assignment            no-cond-assign
  2:47142  warning  Expected a conditional expression and instead saw an assignment            no-cond-assign
  2:48710  warning  Empty block statement                                                      no-empty
  2:57439  warning  Expected a conditional expression and instead saw an assignment            no-cond-assign
  2:58614  warning  Expected a conditional expression and instead saw an assignment            no-cond-assign
  2:64312  warning  Expected a conditional expression and instead saw an assignment            no-cond-assign
  2:67209  warning  Expected a conditional expression and instead saw an assignment            no-cond-assign
  2:68903  warning  Empty block statement                                                      no-empty
  2:72295  warning  Expected a conditional expression and instead saw an assignment            no-cond-assign
  2:73901  warning  Expected a conditional expression and instead saw an assignment            no-cond-assign
  2:74681  warning  'r.href' is assigned to itself                                             no-self-assign
  2:79557  warning  Empty block statement                                                      no-empty
  2:82697  warning  Expected a conditional expression and instead saw an assignment            no-cond-assign
  2:87218  warning  'define' is not defined                                                    no-undef
  2:87230  warning  'define' is not defined                                                    no-undef

/home/runner/work/exp-formwork-beam-and-slab-using-hd-towers-iitd/exp-formwork-beam-and-slab-using-hd-towers-iitd/experiment/simulation/js/layout.js
   9:10  warning  'nextDrawerItem' is defined but never used  no-unused-vars
  18:3   warning  'get' is not defined                        no-undef
  21:10  warning  'backDrawerItem' is defined but never used  no-unused-vars
  97:7   warning  'anime' is not defined                      no-undef

/home/runner/work/exp-formwork-beam-and-slab-using-hd-towers-iitd/exp-formwork-beam-and-slab-using-hd-towers-iitd/experiment/simulation/js/main.js
   170:7   warning  'ChartGraph' is assigned a value but never used     no-unused-vars
   174:6   warning  'Graph1' is not defined                             no-undef
   178:6   warning  'Graph2' is not defined                             no-undef
   182:6   warning  'Graph3' is not defined                             no-undef
   186:6   warning  'Graph4' is not defined                             no-undef
   202:23  warning  'Chart' is not defined                              no-undef
   236:5   warning  'isPerformNext' is assigned a value but never used  no-unused-vars
   282:7   warning  'opacity' is assigned a value but never used        no-unused-vars
   288:7   warning  'hideAll' is assigned a value but never used        no-unused-vars
   288:28  warning  'disp' is assigned a value but never used           no-unused-vars
   294:7   warning  'showAll' is assigned a value but never used        no-unused-vars
   294:28  warning  'disp' is assigned a value but never used           no-unused-vars
   301:7   warning  'set' is assigned a value but never used            no-unused-vars
   325:34  warning  'anime' is not defined                              no-undef
   335:29  warning  'speed' is assigned a value but never used          no-unused-vars
   349:15  warning  'Typed' is not defined                              no-undef
   351:22  warning  'anime' is not defined                              no-undef
   369:19  warning  'src' is not defined                                no-undef
   486:17  warning  'anime' is not defined                              no-undef
   640:10  warning  'cursorPointer' is defined but never used           no-unused-vars
   821:10  warning  'i' is not defined                                  no-undef
   822:18  warning  'i' is not defined                                  no-undef
   824:10  warning  'i' is not defined                                  no-undef
   825:11  warning  'i' is not defined                                  no-undef
   825:28  warning  'i' is not defined                                  no-undef
   825:48  warning  'i' is not defined                                  no-undef
   828:25  warning  'i' is not defined                                  no-undef
   892:6   warning  'intro' is not defined                              no-undef
   926:18  warning  'anime' is not defined                              no-undef
   948:34  warning  'Typed' is not defined                              no-undef
   985:6   warning  'objective' is not defined                          no-undef
  1000:21  warning  'anime' is not defined                              no-undef
  1009:6   warning  'step1' is not defined                              no-undef
  1085:23  warning  'anime' is not defined                              no-undef
  1129:23  warning  'anime' is not defined                              no-undef
  1181:9   warning  'anime' is not defined                              no-undef
  1243:6   warning  'step2' is not defined                              no-undef
  1313:23  warning  'anime' is not defined                              no-undef
  1366:23  warning  'anime' is not defined                              no-undef
  1540:6   warning  'step3' is not defined                              no-undef
  1623:23  warning  'anime' is not defined                              no-undef
  1651:23  warning  'anime' is not defined                              no-undef
  1726:6   warning  'step4' is not defined                              no-undef
  1819:25  warning  'anime' is not defined                              no-undef
  1836:23  warning  'anime' is not defined                              no-undef
  1862:23  warning  'anime' is not defined                              no-undef
  2048:6   warning  'step5' is not defined                              no-undef
  2198:27  warning  'anime' is not defined                              no-undef
  2263:27  warning  'anime' is not defined                              no-undef
  2313:27  warning  'anime' is not defined                              no-undef
  2364:6   warning  'step6' is not defined                              no-undef
  2520:23  warning  'anime' is not defined                              no-undef
  2548:23  warning  'anime' is not defined                              no-undef
  2576:23  warning  'anime' is not defined                              no-undef
  2596:23  warning  'anime' is not defined                              no-undef
  2628:23  warning  'anime' is not defined                              no-undef
  2645:7   warning  'i' is not defined                                  no-undef
  2646:24  warning  'i' is not defined                                  no-undef
  2647:24  warning  'i' is not defined                                  no-undef
  2648:24  warning  'i' is not defined                                  no-undef
  2649:24  warning  'i' is not defined                                  no-undef
  2650:24  warning  'i' is not defined                                  no-undef
  2662:6   warning  'completed' is not defined                          no-undef
  2708:7   warning  'backDrawerItem' is not defined                     no-undef
  2709:7   warning  'backProgressBar' is not defined                    no-undef
  2724:9   warning  'nextDrawerItem' is not defined                     no-undef
  2725:9   warning  'nextProgressBar' is not defined                    no-undef
  2728:12  warning  Empty block statement                               no-empty

/home/runner/work/exp-formwork-beam-and-slab-using-hd-towers-iitd/exp-formwork-beam-and-slab-using-hd-towers-iitd/experiment/simulation/js/progressBar.js
   2:7  warning  'prevBtns' is assigned a value but never used         no-unused-vars
   3:7  warning  'nextBtns' is assigned a value but never used         no-unused-vars
  11:7  warning  'nextProgressBar' is assigned a value but never used  no-unused-vars
  18:7  warning  'backProgressBar' is assigned a value but never used  no-unused-vars

✖ 131 problems (0 errors, 131 warnings)

